******************************************************************************
                  TI ARM Linker Unix v20.2.7                   
******************************************************************************
>> Linked Wed Nov  5 16:29:09 2025

OUTPUT FILE NAME:   <IGVC_encoder.out>
ENTRY POINT SYMBOL: "_c_int00_noargs"  address: 00002739


MEMORY CONFIGURATION

         name            origin    length      used     unused   attr    fill
----------------------  --------  ---------  --------  --------  ----  --------
  FLASH                 00000000   00040000  000029c9  0003d637  R  X
  SRAM                  20000000   00008000  00000834  000077cc  RW X


SEGMENT ALLOCATION MAP

run origin  load origin   length   init length attrs members
----------  ----------- ---------- ----------- ----- -------
00000000    00000000    000029cc   000029cc    r-x
  00000000    00000000    0000026c   0000026c    r-- .intvecs
  0000026c    0000026c    00002638   00002638    r-x .text
  000028a4    000028a4    00000101   00000101    r-- .const
  000029a8    000029a8    00000024   00000024    r-- .cinit
20000000    20000000    00000834   00000000    rw-
  20000000    20000000    00000800   00000000    rw- .stack
  20000800    20000800    00000034   00000000    rw- .data


SECTION ALLOCATION MAP

 output                                  attributes/
section   page    origin      length       input sections
--------  ----  ----------  ----------   ----------------
.intvecs   0    00000000    0000026c     
                  00000000    0000026c     tm4c123gh6pm_startup_ccs.obj (.intvecs)

.text      0    0000026c    00002638     
                  0000026c    00000a4e     rtsv7M4_T_le_v4SPD16_eabi.lib : _printfi.c.obj (.text:__TI_printfi)
                  00000cba    00000002                                   : div0.asm.obj (.text)
                  00000cbc    00000388     uart0.obj (.text)
                  00001044    000002dc     main.obj (.text)
                  00001320    00000270     rtsv7M4_T_le_v4SPD16_eabi.lib : _printfi.c.obj (.text:_pconv_a)
                  00001590    000001d0                                   : _printfi.c.obj (.text:_pconv_g)
                  00001760    000001b6                                   : fd_add_t2.asm.obj (.text)
                  00001916    00000002     --HOLE-- [fill = 0]
                  00001918    0000013c                                   : _printfi.c.obj (.text:_pconv_e)
                  00001a54    00000136                                   : fd_div_t2.asm.obj (.text)
                  00001b8a    00000002     --HOLE-- [fill = 0]
                  00001b8c    00000124                                   : _printfi.c.obj (.text:fcvt)
                  00001cb0    00000118     rgb_led.obj (.text)
                  00001dc8    00000110     rtsv7M4_T_le_v4SPD16_eabi.lib : s_scalbn.c.obj (.text:scalbn)
                  00001ed8    000000fc                                   : fd_mul_t2.asm.obj (.text)
                  00001fd4    000000b1                                   : _printfi.c.obj (.text:_ltostr)
                  00002085    00000001     --HOLE-- [fill = 0]
                  00002086    0000009c                                   : memcpy_t2.asm.obj (.text)
                  00002122    00000096                                   : ull_div_t2.asm.obj (.text)
                  000021b8    00000086                                   : fd_cmp_t2.asm.obj (.text:__aeabi_cdcmple)
                  0000223e    00000086                                   : fd_cmp_t2.asm.obj (.text:__aeabi_cdrcmple)
                  000022c4    0000007a                                   : memset_t2.asm.obj (.text)
                  0000233e    0000006e                                   : _printfi.c.obj (.text:_mcpy)
                  000023ac    00000068                                   : copy_decompress_lzss.c.obj (.text:decompress:lzss:__TI_decompress_lzss)
                  00002414    00000064                                   : s_frexp.c.obj (.text:frexp)
                  00002478    00000056                                   : _printfi.c.obj (.text:_pconv_f)
                  000024ce    00000054                                   : _ltoa.c.obj (.text:__TI_ltoa)
                  00002522    00000052                                   : _printfi.c.obj (.text:_ecpy)
                  00002574    0000004c                                   : atoi.c.obj (.text:atoi)
                  000025c0    00000048                                   : fd_toi_t2.asm.obj (.text)
                  00002608    00000044                                   : autoinit.c.obj (.text:__TI_auto_init_nobinit_nopinit:__TI_auto_init_nobinit_nopinit)
                  0000264c    00000040                                   : sprintf.c.obj (.text:sprintf)
                  0000268c    0000003e                                   : _printfi.c.obj (.text:_fcpy)
                  000026ca    00000038                                   : fs_tod_t2.asm.obj (.text)
                  00002702    00000036                                   : ull_tofs_t2.asm.obj (.text)
                  00002738    00000034                                   : boot_cortex_m.c.obj (.text:_c_int00_noargs:_c_int00_noargs)
                  0000276c    0000002e                                   : i_tofd_t2.asm.obj (.text)
                  0000279a    00000024     wait.obj (.text)
                  000027be    0000001c     rtsv7M4_T_le_v4SPD16_eabi.lib : memccpy.c.obj (.text:memccpy)
                  000027da    0000001a                                   : s_copysign.c.obj (.text:copysign)
                  000027f4    00000018                                   : sprintf.c.obj (.text:_outs)
                  0000280c    00000018                                   : strcmp.c.obj (.text:strcmp)
                  00002824    00000016                                   : strchr.c.obj (.text:strchr)
                  0000283a    00000014                                   : strlen.c.obj (.text:strlen)
                  0000284e    00000012                                   : wcslen.c.obj (.text:wcslen)
                  00002860    00000010     clock.obj (.text)
                  00002870    0000000e     rtsv7M4_T_le_v4SPD16_eabi.lib : copy_decompress_none.c.obj (.text:decompress:none:__TI_decompress_none)
                  0000287e    0000000c     tm4c123gh6pm_startup_ccs.obj (.text)
                  0000288a    0000000a     rtsv7M4_T_le_v4SPD16_eabi.lib : sprintf.c.obj (.text:_outc)
                  00002894    00000008                                   : errno.c.obj (.text:__aeabi_errno_addr)
                  0000289c    00000004                                   : pre_init.c.obj (.text:_system_pre_init)
                  000028a0    00000004                                   : exit.c.obj (.text:abort:abort)

.const     0    000028a4    00000101     
                  000028a4    00000101     rtsv7M4_T_le_v4SPD16_eabi.lib : ctype.c.obj (.const:.string:_ctypes_)

.cinit     0    000029a8    00000024     
                  000029a8    00000013     (.cinit..data.load) [load image, compression = lzss]
                  000029bb    00000001     --HOLE-- [fill = 0]
                  000029bc    00000008     (__TI_handler_table)
                  000029c4    00000008     (__TI_cinit_table)

.init_array 
*          0    00000000    00000000     UNINITIALIZED

.data      0    20000800    00000034     UNINITIALIZED
                  20000800    00000030     main.obj (.data)
                  20000830    00000004     rtsv7M4_T_le_v4SPD16_eabi.lib : errno.c.obj (.data)

.stack     0    20000000    00000800     UNINITIALIZED
                  20000000    00000004     rtsv7M4_T_le_v4SPD16_eabi.lib : boot_cortex_m.c.obj (.stack)
                  20000004    000007fc     --HOLE--

__llvm_prf_cnts 
*          0    20000000    00000000     UNINITIALIZED

MODULE SUMMARY

       Module                         code   ro data   rw data
       ------                         ----   -------   -------
    ./
       uart0.obj                      904    0         0      
       main.obj                       732    0         48     
       tm4c123gh6pm_startup_ccs.obj   12     620       0      
       rgb_led.obj                    280    0         0      
       wait.obj                       36     0         0      
       clock.obj                      16     0         0      
    +--+------------------------------+------+---------+---------+
       Total:                         1980   620       48     
                                                              
    /Applications/ti/ccs1280/ccs/tools/compiler/ti-cgt-arm_20.2.7.LTS/lib/rtsv7M4_T_le_v4SPD16_eabi.lib
       _printfi.c.obj                 4851   0         0      
       fd_add_t2.asm.obj              438    0         0      
       fd_div_t2.asm.obj              310    0         0      
       s_scalbn.c.obj                 272    0         0      
       fd_cmp_t2.asm.obj              268    0         0      
       ctype.c.obj                    0      257       0      
       fd_mul_t2.asm.obj              252    0         0      
       memcpy_t2.asm.obj              156    0         0      
       ull_div_t2.asm.obj             150    0         0      
       memset_t2.asm.obj              122    0         0      
       copy_decompress_lzss.c.obj     104    0         0      
       s_frexp.c.obj                  100    0         0      
       sprintf.c.obj                  98     0         0      
       _ltoa.c.obj                    84     0         0      
       atoi.c.obj                     76     0         0      
       fd_toi_t2.asm.obj              72     0         0      
       autoinit.c.obj                 68     0         0      
       fs_tod_t2.asm.obj              56     0         0      
       ull_tofs_t2.asm.obj            54     0         0      
       boot_cortex_m.c.obj            52     0         0      
       i_tofd_t2.asm.obj              46     0         0      
       memccpy.c.obj                  28     0         0      
       s_copysign.c.obj               26     0         0      
       strcmp.c.obj                   24     0         0      
       strchr.c.obj                   22     0         0      
       strlen.c.obj                   20     0         0      
       wcslen.c.obj                   18     0         0      
       copy_decompress_none.c.obj     14     0         0      
       errno.c.obj                    8      0         4      
       exit.c.obj                     4      0         0      
       pre_init.c.obj                 4      0         0      
       div0.asm.obj                   2      0         0      
    +--+------------------------------+------+---------+---------+
       Total:                         7799   257       4      
                                                              
       Stack:                         0      0         2048   
       Linker Generated:              0      35        0      
    +--+------------------------------+------+---------+---------+
       Grand Total:                   9779   912       2100   


LINKER GENERATED COPY TABLES

__TI_cinit_table @ 000029c4 records: 1, size/record: 8, table size: 8
	.data: load addr=000029a8, load size=00000013 bytes, run addr=20000800, run size=00000034 bytes, compression=lzss


LINKER GENERATED HANDLER TABLE

__TI_handler_table @ 000029bc records: 2, size/record: 4, table size: 8
	index: 0, handler: __TI_decompress_lzss
	index: 1, handler: __TI_decompress_none


GLOBAL SYMBOLS: SORTED ALPHABETICALLY BY Name 

address   name                          
-------   ----                          
000028a1  C$$EXIT                       
0000287f  ResetISR                      
000010eb  WideTimer1A_Handler           
00001117  WideTimer1B_Handler           
20000800  __STACK_END                   
00000800  __STACK_SIZE                  
20000200  __STACK_TOP                   
000029c4  __TI_CINIT_Base               
000029cc  __TI_CINIT_Limit              
000029bc  __TI_Handler_Table_Base       
000029c4  __TI_Handler_Table_Limit      
00002609  __TI_auto_init_nobinit_nopinit
000023ad  __TI_decompress_lzss          
00002871  __TI_decompress_none          
000024cf  __TI_ltoa                     
ffffffff  __TI_pprof_out_hndl           
0000026d  __TI_printfi                  
ffffffff  __TI_prof_data_size           
ffffffff  __TI_prof_data_start          
00000000  __TI_static_base__            
000021b9  __aeabi_cdcmpeq               
000021b9  __aeabi_cdcmple               
0000223f  __aeabi_cdrcmple              
000025c1  __aeabi_d2iz                  
0000176b  __aeabi_dadd                  
00001a55  __aeabi_ddiv                  
00001ed9  __aeabi_dmul                  
00001761  __aeabi_dsub                  
00002895  __aeabi_errno_addr            
000026cb  __aeabi_f2d                   
0000276d  __aeabi_i2d                   
00000cbb  __aeabi_idiv0                 
00000cbb  __aeabi_ldiv0                 
000022c5  __aeabi_memclr                
000022c5  __aeabi_memclr4               
000022c5  __aeabi_memclr8               
00002087  __aeabi_memcpy                
00002087  __aeabi_memcpy4               
00002087  __aeabi_memcpy8               
000022c7  __aeabi_memset                
000022c7  __aeabi_memset4               
000022c7  __aeabi_memset8               
00002703  __aeabi_ul2f                  
00002123  __aeabi_uldivmod              
ffffffff  __binit__                     
ffffffff  __c_args__                    
UNDEFED   __mpu_init                    
20000000  __stack                       
20000000  __start___llvm_prf_cnts       
20000000  __stop___llvm_prf_cnts        
00002739  _c_int00_noargs               
000028a4  _ctypes_                      
UNDEFED   _system_post_cinit            
0000289d  _system_pre_init              
000028a1  abort                         
00002575  atoi                          
ffffffff  binit                         
000027db  copysign                      
000027db  copysignl                     
0000108f  enableDualEncoderMode         
20000830  errno                         
00002415  frexp                         
00002415  frexpl                        
00000000  g_pfnVectors                  
00000f9f  getFieldInteger               
00000f6f  getFieldString                
00000db3  getcUart0                     
00000de1  getsUart0                     
00001045  initHw                        
00001cb1  initRgb                       
00002861  initSystemClockTo40Mhz        
00000cbd  initUart0                     
00001009  isCommand                     
00000dc7  kbhitUart0                    
00001dc9  ldexp                         
00001dc9  ldexpl                        
20000814  left_distance_in              
20000808  left_edges                    
20000810  left_rpm                      
20000800  left_ticks                    
00001145  main                          
000027bf  memccpy                       
00002087  memcpy                        
000022cd  memset                        
00000e5f  parseFields                   
00000d6b  putcUart0                     
00000d87  putsUart0                     
2000082c  right_distance_in             
20000820  right_edges                   
20000828  right_rpm                     
20000818  right_ticks                   
00001dc9  scalbn                        
00001dc9  scalbnl                       
00001d59  setRgbColor                   
00000d27  setUart0BaudRate              
0000264d  sprintf                       
00002825  strchr                        
0000280d  strcmp                        
0000283b  strlen                        
0000279b  waitMicrosecond               
0000284f  wcslen                        


GLOBAL SYMBOLS: SORTED BY Symbol Address 

address   name                          
-------   ----                          
00000000  __TI_static_base__            
00000000  g_pfnVectors                  
0000026d  __TI_printfi                  
00000800  __STACK_SIZE                  
00000cbb  __aeabi_idiv0                 
00000cbb  __aeabi_ldiv0                 
00000cbd  initUart0                     
00000d27  setUart0BaudRate              
00000d6b  putcUart0                     
00000d87  putsUart0                     
00000db3  getcUart0                     
00000dc7  kbhitUart0                    
00000de1  getsUart0                     
00000e5f  parseFields                   
00000f6f  getFieldString                
00000f9f  getFieldInteger               
00001009  isCommand                     
00001045  initHw                        
0000108f  enableDualEncoderMode         
000010eb  WideTimer1A_Handler           
00001117  WideTimer1B_Handler           
00001145  main                          
00001761  __aeabi_dsub                  
0000176b  __aeabi_dadd                  
00001a55  __aeabi_ddiv                  
00001cb1  initRgb                       
00001d59  setRgbColor                   
00001dc9  ldexp                         
00001dc9  ldexpl                        
00001dc9  scalbn                        
00001dc9  scalbnl                       
00001ed9  __aeabi_dmul                  
00002087  __aeabi_memcpy                
00002087  __aeabi_memcpy4               
00002087  __aeabi_memcpy8               
00002087  memcpy                        
00002123  __aeabi_uldivmod              
000021b9  __aeabi_cdcmpeq               
000021b9  __aeabi_cdcmple               
0000223f  __aeabi_cdrcmple              
000022c5  __aeabi_memclr                
000022c5  __aeabi_memclr4               
000022c5  __aeabi_memclr8               
000022c7  __aeabi_memset                
000022c7  __aeabi_memset4               
000022c7  __aeabi_memset8               
000022cd  memset                        
000023ad  __TI_decompress_lzss          
00002415  frexp                         
00002415  frexpl                        
000024cf  __TI_ltoa                     
00002575  atoi                          
000025c1  __aeabi_d2iz                  
00002609  __TI_auto_init_nobinit_nopinit
0000264d  sprintf                       
000026cb  __aeabi_f2d                   
00002703  __aeabi_ul2f                  
00002739  _c_int00_noargs               
0000276d  __aeabi_i2d                   
0000279b  waitMicrosecond               
000027bf  memccpy                       
000027db  copysign                      
000027db  copysignl                     
0000280d  strcmp                        
00002825  strchr                        
0000283b  strlen                        
0000284f  wcslen                        
00002861  initSystemClockTo40Mhz        
00002871  __TI_decompress_none          
0000287f  ResetISR                      
00002895  __aeabi_errno_addr            
0000289d  _system_pre_init              
000028a1  C$$EXIT                       
000028a1  abort                         
000028a4  _ctypes_                      
000029bc  __TI_Handler_Table_Base       
000029c4  __TI_CINIT_Base               
000029c4  __TI_Handler_Table_Limit      
000029cc  __TI_CINIT_Limit              
20000000  __stack                       
20000000  __start___llvm_prf_cnts       
20000000  __stop___llvm_prf_cnts        
20000200  __STACK_TOP                   
20000800  __STACK_END                   
20000800  left_ticks                    
20000808  left_edges                    
20000810  left_rpm                      
20000814  left_distance_in              
20000818  right_ticks                   
20000820  right_edges                   
20000828  right_rpm                     
2000082c  right_distance_in             
20000830  errno                         
ffffffff  __TI_pprof_out_hndl           
ffffffff  __TI_prof_data_size           
ffffffff  __TI_prof_data_start          
ffffffff  __binit__                     
ffffffff  __c_args__                    
ffffffff  binit                         
UNDEFED   __mpu_init                    
UNDEFED   _system_post_cinit            

[101 symbols]
